main.c:169:5:main	104	static
main.c:259:6:SystemClock_Config	88	static
main.c:305:13:MX_ADC1_Init	24	static
main.c:350:13:MX_TIM1_Init	32	static
main.c:396:13:MX_USART1_UART_Init	8	static
main.c:429:13:MX_USART2_UART_Init	8	static
main.c:462:13:MX_GPIO_Init	40	static
main.c:509:6:HAL_GPIO_EXTI_Callback	16	static
main.c:517:6:HAL_UART_RxCpltCallback	24	static
main.c:557:13:Pump_Update	16	static
main.c:572:13:Process_Frame	16	static
main.c:591:13:Process_Request	56	static
main.c:637:13:Process_Command	40	static
main.c:703:16:Wait_For_Frame	24	static
main.c:718:13:send_Data	80	static
main.c:752:13:send_ACK	16	static
main.c:781:17:read_ADC	32	static
main.c:797:13:read_Sensors	8	static
main.c:811:13:Enter_Stop_Mode	8	static
main.c:857:16:LoRa_WaitReady	24	static
main.c:873:13:LoRa_SetNormalMode	8	static
main.c:883:13:LoRa_SetPowerSavingMode	8	static
main.c:892:13:Debug_Print	16	static
main.c:906:6:StartLoRaTask	16	static
main.c:986:6:StartSensorTask	32	static
main.c:1023:6:StartControlTask	32	static
main.c:1124:6:HAL_TIM_PeriodElapsedCallback	16	static
main.c:1141:6:Error_Handler	4	static,ignoring_inline_asm
