main.c:172:5:main	104	static
main.c:262:6:SystemClock_Config	88	static
main.c:308:13:MX_ADC1_Init	24	static
main.c:353:13:MX_TIM1_Init	32	static
main.c:399:13:MX_USART1_UART_Init	8	static
main.c:432:13:MX_USART2_UART_Init	8	static
main.c:465:13:MX_GPIO_Init	40	static
main.c:512:6:HAL_GPIO_EXTI_Callback	16	static
main.c:520:6:HAL_UART_RxCpltCallback	24	static
main.c:560:13:Pump_Update	16	static
main.c:575:13:Process_Frame	16	static
main.c:594:13:Process_Request	56	static
main.c:640:13:Process_Command	40	static
main.c:706:16:Wait_For_Frame	24	static
main.c:721:13:send_Data	80	static
main.c:755:13:send_ACK	16	static
main.c:784:17:read_ADC	32	static
main.c:800:13:read_Sensors	8	static
main.c:814:13:Enter_Stop_Mode	8	static
main.c:883:16:LoRa_WaitReady	24	static
main.c:899:13:LoRa_SetNormalMode	8	static
main.c:909:13:LoRa_SetPowerSavingMode	8	static
main.c:918:13:Debug_Print	16	static
main.c:932:6:StartLoRaTask	16	static
main.c:1012:6:StartSensorTask	112	static
main.c:1060:6:StartControlTask	32	static
main.c:1161:6:HAL_TIM_PeriodElapsedCallback	16	static
main.c:1178:6:Error_Handler	4	static,ignoring_inline_asm
