main.c:151:5:main	8	static
main.c:262:6:SystemClock_Config	88	static
main.c:308:13:MX_ADC1_Init	24	static
main.c:353:13:MX_TIM1_Init	32	static
main.c:399:13:MX_USART1_UART_Init	8	static
main.c:432:13:MX_USART2_UART_Init	8	static
main.c:465:13:MX_GPIO_Init	40	static
main.c:531:6:HAL_GPIO_EXTI_Callback	16	static
main.c:539:6:HAL_UART_RxCpltCallback	24	static
main.c:579:13:Pump_Update	16	static
main.c:594:13:Process_Frame	16	static
main.c:613:13:Process_Request	40	static
main.c:638:13:Process_Command	24	static
main.c:723:16:Wait_For_Frame	24	static
main.c:738:13:send_Data	80	static
main.c:769:13:send_ACK	16	static
main.c:798:17:read_ADC	32	static
main.c:814:13:read_Sensors	8	static
main.c:828:13:Enter_Stop_Mode	8	static
main.c:865:16:LoRa_WaitReady	24	static
main.c:881:13:LoRa_SetNormalMode	8	static
main.c:891:13:LoRa_SetPowerSavingMode	8	static
main.c:900:13:Debug_Print	16	static
main.c:911:6:Error_Handler	4	static,ignoring_inline_asm
