main.c:1777:13:Debug_Print	8	static
main.c:1822:13:Relay_Release	8	static
main.c:1758:13:LoRa_SetNormalMode	8	static
main.c:917:13:StopAllIrrigation	16	static
main.c:863:13:StartZone1	16	static
main.c:890:13:StartZone2	16	static
main.c:1738:16:LoRa_WaitReady	24	static
main.c:1552:17:read_ADC	32	static
main.c:1840:16:Irrigation_GetActiveZone	0	static
main.c:1813:13:Relay_Auto	0	static
main.c:942:13:StopCurrentZone	8	static
main.c:1782:16:Irrigation_Measure	16	static
main.c:1495:13:send_ACK	8	static
main.c:1283:13:Process_Frame.constprop	80	static
main.c:2398:6:StartSensorTask	48	static
main.c:2471:6:StartIrrigationTask	40	static
main.c:473:6:SystemClock_Config	88	static,ignoring_inline_asm
main.c:358:5:main	136	static,ignoring_inline_asm
main.c:795:6:HAL_GPIO_EXTI_Callback	0	static
main.c:803:6:HAL_RTC_AlarmAEventCallback	0	static
main.c:808:6:HAL_UART_RxCpltCallback	16	static
main.c:1930:6:RTC_Print_Time	144	static
main.c:1952:6:RTC_SetAlarmAfterSeconds	40	static
main.c:2242:6:StartLoRaTask	136	static,ignoring_inline_asm
main.c:2529:6:HAL_TIM_PeriodElapsedCallback	0	static
main.c:2546:6:Error_Handler	0	static,ignoring_inline_asm
